[2026-05-25 10:41:34] [INFO] ========== SCRIPT STARTED ==========
[2026-05-25 10:41:34] [INFO] Starting processing for: k8s-manifests/scenarios/Mod-vary/gnb-deployments-30e-9-15khz-snr10-QPSK.yaml
[2026-05-25 10:41:34] [INFO] Running command: kubectl apply -f /home/anderson/dev/oai_isolation/k8s-manifests/scenarios/Mod-vary/gnb-deployments-30e-9-15khz-snr10-QPSK.yaml
[2026-05-25 10:41:34] [SUCCESS] kubectl apply -f /home/anderson/dev/oai_isolation/k8s-manifests/scenarios/Mod-vary/gnb-deployments-30e-9-15khz-snr10-QPSK.yaml
[2026-05-25 10:41:34] [OUTPUT] deployment.apps/gnb-crc created
service/gnb-crc created
deployment.apps/gnb-layer-map created
service/gnb-layer-map created
deployment.apps/gnb-ldpc created
service/gnb-ldpc created
deployment.apps/gnb-modulation created
service/gnb-modulation created
deployment.apps/gnb-ofdm-mod created
service/gnb-ofdm-mod created
deployment.apps/gnb-precoding created
service/gnb-precoding created
deployment.apps/gnb-scramble created
service/gnb-scramble created
[2026-05-25 10:41:34] [INFO] Waiting 4h before deleting: k8s-manifests/scenarios/Mod-vary/gnb-deployments-30e-9-15khz-snr10-QPSK.yaml
[2026-05-25 14:41:34] [INFO] Running command: kubectl delete -f /home/anderson/dev/oai_isolation/k8s-manifests/scenarios/Mod-vary/gnb-deployments-30e-9-15khz-snr10-QPSK.yaml
[2026-05-25 14:41:35] [SUCCESS] kubectl delete -f /home/anderson/dev/oai_isolation/k8s-manifests/scenarios/Mod-vary/gnb-deployments-30e-9-15khz-snr10-QPSK.yaml
[2026-05-25 14:41:36] [OUTPUT] deployment.apps "gnb-crc" deleted from default namespace
service "gnb-crc" deleted from default namespace
deployment.apps "gnb-layer-map" deleted from default namespace
service "gnb-layer-map" deleted from default namespace
deployment.apps "gnb-ldpc" deleted from default namespace
service "gnb-ldpc" deleted from default namespace
deployment.apps "gnb-modulation" deleted from default namespace
service "gnb-modulation" deleted from default namespace
deployment.apps "gnb-ofdm-mod" deleted from default namespace
service "gnb-ofdm-mod" deleted from default namespace
deployment.apps "gnb-precoding" deleted from default namespace
service "gnb-precoding" deleted from default namespace
deployment.apps "gnb-scramble" deleted from default namespace
service "gnb-scramble" deleted from default namespace
[2026-05-25 14:41:36] [INFO] Waiting 10m before next path
[2026-05-25 14:51:36] [INFO] Starting processing for: k8s-manifests/scenarios/Mod-vary/ue-deployments-30e-9-15khz-snr10-QPSK.yaml
[2026-05-25 14:51:36] [INFO] Running command: kubectl apply -f /home/anderson/dev/oai_isolation/k8s-manifests/scenarios/Mod-vary/ue-deployments-30e-9-15khz-snr10-QPSK.yaml
[2026-05-25 14:51:36] [SUCCESS] kubectl apply -f /home/anderson/dev/oai_isolation/k8s-manifests/scenarios/Mod-vary/ue-deployments-30e-9-15khz-snr10-QPSK.yaml
[2026-05-25 14:51:36] [OUTPUT] deployment.apps/ue-ch-est created
service/ue-ch-est created
deployment.apps/ue-ch-mmse created
service/ue-ch-mmse created
deployment.apps/ue-check-crc created
service/ue-check-crc created
deployment.apps/ue-descrambling created
service/ue-descrambling created
deployment.apps/ue-layer-demap created
service/ue-layer-demap created
deployment.apps/ue-ldpc-dec created
service/ue-ldpc-dec created
deployment.apps/ue-ofdm-demod created
service/ue-ofdm-demod created
deployment.apps/ue-soft-demod created
service/ue-soft-demod created
[2026-05-25 14:51:36] [INFO] Waiting 4h before deleting: k8s-manifests/scenarios/Mod-vary/ue-deployments-30e-9-15khz-snr10-QPSK.yaml
[2026-05-25 18:51:36] [INFO] Running command: kubectl delete -f /home/anderson/dev/oai_isolation/k8s-manifests/scenarios/Mod-vary/ue-deployments-30e-9-15khz-snr10-QPSK.yaml
[2026-05-25 18:51:37] [SUCCESS] kubectl delete -f /home/anderson/dev/oai_isolation/k8s-manifests/scenarios/Mod-vary/ue-deployments-30e-9-15khz-snr10-QPSK.yaml
[2026-05-25 18:51:37] [OUTPUT] deployment.apps "ue-ch-est" deleted from default namespace
service "ue-ch-est" deleted from default namespace
deployment.apps "ue-ch-mmse" deleted from default namespace
service "ue-ch-mmse" deleted from default namespace
deployment.apps "ue-check-crc" deleted from default namespace
service "ue-check-crc" deleted from default namespace
deployment.apps "ue-descrambling" deleted from default namespace
service "ue-descrambling" deleted from default namespace
deployment.apps "ue-layer-demap" deleted from default namespace
service "ue-layer-demap" deleted from default namespace
deployment.apps "ue-ldpc-dec" deleted from default namespace
service "ue-ldpc-dec" deleted from default namespace
deployment.apps "ue-ofdm-demod" deleted from default namespace
service "ue-ofdm-demod" deleted from default namespace
deployment.apps "ue-soft-demod" deleted from default namespace
service "ue-soft-demod" deleted from default namespace
[2026-05-25 18:51:37] [INFO] Waiting 10m before next path
[2026-05-25 19:01:37] [INFO] Starting processing for: k8s-manifests/scenarios/Mod-vary/gnb-deployments-30e-9-15khz-snr10-16QAM.yaml
[2026-05-25 19:01:37] [INFO] Running command: kubectl apply -f /home/anderson/dev/oai_isolation/k8s-manifests/scenarios/Mod-vary/gnb-deployments-30e-9-15khz-snr10-16QAM.yaml
[2026-05-25 19:01:38] [SUCCESS] kubectl apply -f /home/anderson/dev/oai_isolation/k8s-manifests/scenarios/Mod-vary/gnb-deployments-30e-9-15khz-snr10-16QAM.yaml
[2026-05-25 19:01:38] [OUTPUT] deployment.apps/gnb-crc created
service/gnb-crc created
deployment.apps/gnb-layer-map created
service/gnb-layer-map created
deployment.apps/gnb-ldpc created
service/gnb-ldpc created
deployment.apps/gnb-modulation created
service/gnb-modulation created
deployment.apps/gnb-ofdm-mod created
service/gnb-ofdm-mod created
deployment.apps/gnb-precoding created
service/gnb-precoding created
deployment.apps/gnb-scramble created
service/gnb-scramble created
[2026-05-25 19:01:38] [INFO] Waiting 4h before deleting: k8s-manifests/scenarios/Mod-vary/gnb-deployments-30e-9-15khz-snr10-16QAM.yaml
[2026-05-25 23:01:38] [INFO] Running command: kubectl delete -f /home/anderson/dev/oai_isolation/k8s-manifests/scenarios/Mod-vary/gnb-deployments-30e-9-15khz-snr10-16QAM.yaml
[2026-05-25 23:01:39] [SUCCESS] kubectl delete -f /home/anderson/dev/oai_isolation/k8s-manifests/scenarios/Mod-vary/gnb-deployments-30e-9-15khz-snr10-16QAM.yaml
[2026-05-25 23:01:39] [OUTPUT] deployment.apps "gnb-crc" deleted from default namespace
service "gnb-crc" deleted from default namespace
deployment.apps "gnb-layer-map" deleted from default namespace
service "gnb-layer-map" deleted from default namespace
deployment.apps "gnb-ldpc" deleted from default namespace
service "gnb-ldpc" deleted from default namespace
deployment.apps "gnb-modulation" deleted from default namespace
service "gnb-modulation" deleted from default namespace
deployment.apps "gnb-ofdm-mod" deleted from default namespace
service "gnb-ofdm-mod" deleted from default namespace
deployment.apps "gnb-precoding" deleted from default namespace
service "gnb-precoding" deleted from default namespace
deployment.apps "gnb-scramble" deleted from default namespace
service "gnb-scramble" deleted from default namespace
[2026-05-25 23:01:39] [INFO] Waiting 10m before next path
[2026-05-25 23:11:39] [INFO] Starting processing for: k8s-manifests/scenarios/Mod-vary/ue-deployments-30e-9-15khz-snr10-16QAM.yaml
[2026-05-25 23:11:39] [INFO] Running command: kubectl apply -f /home/anderson/dev/oai_isolation/k8s-manifests/scenarios/Mod-vary/ue-deployments-30e-9-15khz-snr10-16QAM.yaml
[2026-05-25 23:11:39] [SUCCESS] kubectl apply -f /home/anderson/dev/oai_isolation/k8s-manifests/scenarios/Mod-vary/ue-deployments-30e-9-15khz-snr10-16QAM.yaml
[2026-05-25 23:11:39] [OUTPUT] deployment.apps/ue-ch-est created
service/ue-ch-est created
deployment.apps/ue-ch-mmse created
service/ue-ch-mmse created
deployment.apps/ue-check-crc created
service/ue-check-crc created
deployment.apps/ue-descrambling created
service/ue-descrambling created
deployment.apps/ue-layer-demap created
service/ue-layer-demap created
deployment.apps/ue-ldpc-dec created
service/ue-ldpc-dec created
deployment.apps/ue-ofdm-demod created
service/ue-ofdm-demod created
deployment.apps/ue-soft-demod created
service/ue-soft-demod created
[2026-05-25 23:11:39] [INFO] Waiting 4h before deleting: k8s-manifests/scenarios/Mod-vary/ue-deployments-30e-9-15khz-snr10-16QAM.yaml
[2026-05-26 03:11:39] [INFO] Running command: kubectl delete -f /home/anderson/dev/oai_isolation/k8s-manifests/scenarios/Mod-vary/ue-deployments-30e-9-15khz-snr10-16QAM.yaml
[2026-05-26 03:11:41] [SUCCESS] kubectl delete -f /home/anderson/dev/oai_isolation/k8s-manifests/scenarios/Mod-vary/ue-deployments-30e-9-15khz-snr10-16QAM.yaml
[2026-05-26 03:11:41] [OUTPUT] deployment.apps "ue-ch-est" deleted from default namespace
service "ue-ch-est" deleted from default namespace
deployment.apps "ue-ch-mmse" deleted from default namespace
service "ue-ch-mmse" deleted from default namespace
deployment.apps "ue-check-crc" deleted from default namespace
service "ue-check-crc" deleted from default namespace
deployment.apps "ue-descrambling" deleted from default namespace
service "ue-descrambling" deleted from default namespace
deployment.apps "ue-layer-demap" deleted from default namespace
service "ue-layer-demap" deleted from default namespace
deployment.apps "ue-ldpc-dec" deleted from default namespace
service "ue-ldpc-dec" deleted from default namespace
deployment.apps "ue-ofdm-demod" deleted from default namespace
service "ue-ofdm-demod" deleted from default namespace
deployment.apps "ue-soft-demod" deleted from default namespace
service "ue-soft-demod" deleted from default namespace
[2026-05-26 03:11:41] [INFO] Waiting 10m before next path
[2026-05-26 03:21:41] [INFO] Starting processing for: k8s-manifests/scenarios/Mod-vary/gnb-deployments-30e-9-15khz-snr10-64QAM.yaml
[2026-05-26 03:21:41] [INFO] Running command: kubectl apply -f /home/anderson/dev/oai_isolation/k8s-manifests/scenarios/Mod-vary/gnb-deployments-30e-9-15khz-snr10-64QAM.yaml
[2026-05-26 03:21:41] [SUCCESS] kubectl apply -f /home/anderson/dev/oai_isolation/k8s-manifests/scenarios/Mod-vary/gnb-deployments-30e-9-15khz-snr10-64QAM.yaml
[2026-05-26 03:21:41] [OUTPUT] deployment.apps/gnb-crc created
service/gnb-crc created
deployment.apps/gnb-layer-map created
service/gnb-layer-map created
deployment.apps/gnb-ldpc created
service/gnb-ldpc created
deployment.apps/gnb-modulation created
service/gnb-modulation created
deployment.apps/gnb-ofdm-mod created
service/gnb-ofdm-mod created
deployment.apps/gnb-precoding created
service/gnb-precoding created
deployment.apps/gnb-scramble created
service/gnb-scramble created
[2026-05-26 03:21:41] [INFO] Waiting 4h before deleting: k8s-manifests/scenarios/Mod-vary/gnb-deployments-30e-9-15khz-snr10-64QAM.yaml
[2026-05-26 07:21:41] [INFO] Running command: kubectl delete -f /home/anderson/dev/oai_isolation/k8s-manifests/scenarios/Mod-vary/gnb-deployments-30e-9-15khz-snr10-64QAM.yaml
[2026-05-26 07:21:43] [SUCCESS] kubectl delete -f /home/anderson/dev/oai_isolation/k8s-manifests/scenarios/Mod-vary/gnb-deployments-30e-9-15khz-snr10-64QAM.yaml
[2026-05-26 07:21:43] [OUTPUT] deployment.apps "gnb-crc" deleted from default namespace
service "gnb-crc" deleted from default namespace
deployment.apps "gnb-layer-map" deleted from default namespace
service "gnb-layer-map" deleted from default namespace
deployment.apps "gnb-ldpc" deleted from default namespace
service "gnb-ldpc" deleted from default namespace
deployment.apps "gnb-modulation" deleted from default namespace
service "gnb-modulation" deleted from default namespace
deployment.apps "gnb-ofdm-mod" deleted from default namespace
service "gnb-ofdm-mod" deleted from default namespace
deployment.apps "gnb-precoding" deleted from default namespace
service "gnb-precoding" deleted from default namespace
deployment.apps "gnb-scramble" deleted from default namespace
service "gnb-scramble" deleted from default namespace
[2026-05-26 07:21:43] [INFO] Waiting 10m before next path
[2026-05-26 07:31:43] [INFO] Starting processing for: k8s-manifests/scenarios/Mod-vary/ue-deployments-30e-9-15khz-snr10-64QAM.yaml
[2026-05-26 07:31:43] [INFO] Running command: kubectl apply -f /home/anderson/dev/oai_isolation/k8s-manifests/scenarios/Mod-vary/ue-deployments-30e-9-15khz-snr10-64QAM.yaml
[2026-05-26 07:31:43] [SUCCESS] kubectl apply -f /home/anderson/dev/oai_isolation/k8s-manifests/scenarios/Mod-vary/ue-deployments-30e-9-15khz-snr10-64QAM.yaml
[2026-05-26 07:31:43] [OUTPUT] deployment.apps/ue-ch-est created
service/ue-ch-est created
deployment.apps/ue-ch-mmse created
service/ue-ch-mmse created
deployment.apps/ue-check-crc created
service/ue-check-crc created
deployment.apps/ue-descrambling created
service/ue-descrambling created
deployment.apps/ue-layer-demap created
service/ue-layer-demap created
deployment.apps/ue-ldpc-dec created
service/ue-ldpc-dec created
deployment.apps/ue-ofdm-demod created
service/ue-ofdm-demod created
deployment.apps/ue-soft-demod created
service/ue-soft-demod created
[2026-05-26 07:31:43] [INFO] Waiting 4h before deleting: k8s-manifests/scenarios/Mod-vary/ue-deployments-30e-9-15khz-snr10-64QAM.yaml
[2026-05-26 11:31:43] [INFO] Running command: kubectl delete -f /home/anderson/dev/oai_isolation/k8s-manifests/scenarios/Mod-vary/ue-deployments-30e-9-15khz-snr10-64QAM.yaml
[2026-05-26 11:31:44] [SUCCESS] kubectl delete -f /home/anderson/dev/oai_isolation/k8s-manifests/scenarios/Mod-vary/ue-deployments-30e-9-15khz-snr10-64QAM.yaml
[2026-05-26 11:31:44] [OUTPUT] deployment.apps "ue-ch-est" deleted from default namespace
service "ue-ch-est" deleted from default namespace
deployment.apps "ue-ch-mmse" deleted from default namespace
service "ue-ch-mmse" deleted from default namespace
deployment.apps "ue-check-crc" deleted from default namespace
service "ue-check-crc" deleted from default namespace
deployment.apps "ue-descrambling" deleted from default namespace
service "ue-descrambling" deleted from default namespace
deployment.apps "ue-layer-demap" deleted from default namespace
service "ue-layer-demap" deleted from default namespace
deployment.apps "ue-ldpc-dec" deleted from default namespace
service "ue-ldpc-dec" deleted from default namespace
deployment.apps "ue-ofdm-demod" deleted from default namespace
service "ue-ofdm-demod" deleted from default namespace
deployment.apps "ue-soft-demod" deleted from default namespace
service "ue-soft-demod" deleted from default namespace
[2026-05-26 11:31:44] [INFO] Waiting 10m before next path
[2026-05-26 11:41:44] [INFO] Starting processing for: k8s-manifests/scenarios/SNR-vary/gnb-deployments-30e-9-15khz-snr0-vDS-RMS.yaml
[2026-05-26 11:41:44] [INFO] Running command: kubectl apply -f /home/anderson/dev/oai_isolation/k8s-manifests/scenarios/SNR-vary/gnb-deployments-30e-9-15khz-snr0-vDS-RMS.yaml
[2026-05-26 11:41:45] [SUCCESS] kubectl apply -f /home/anderson/dev/oai_isolation/k8s-manifests/scenarios/SNR-vary/gnb-deployments-30e-9-15khz-snr0-vDS-RMS.yaml
[2026-05-26 11:41:45] [OUTPUT] deployment.apps/gnb-crc created
service/gnb-crc created
deployment.apps/gnb-layer-map created
service/gnb-layer-map created
deployment.apps/gnb-ldpc created
service/gnb-ldpc created
deployment.apps/gnb-modulation created
service/gnb-modulation created
deployment.apps/gnb-ofdm-mod created
service/gnb-ofdm-mod created
deployment.apps/gnb-precoding created
service/gnb-precoding created
deployment.apps/gnb-scramble created
service/gnb-scramble created
[2026-05-26 11:41:45] [INFO] Waiting 4h before deleting: k8s-manifests/scenarios/SNR-vary/gnb-deployments-30e-9-15khz-snr0-vDS-RMS.yaml
[2026-05-26 15:41:45] [INFO] Running command: kubectl delete -f /home/anderson/dev/oai_isolation/k8s-manifests/scenarios/SNR-vary/gnb-deployments-30e-9-15khz-snr0-vDS-RMS.yaml
[2026-05-26 15:41:46] [SUCCESS] kubectl delete -f /home/anderson/dev/oai_isolation/k8s-manifests/scenarios/SNR-vary/gnb-deployments-30e-9-15khz-snr0-vDS-RMS.yaml
[2026-05-26 15:41:46] [OUTPUT] deployment.apps "gnb-crc" deleted from default namespace
service "gnb-crc" deleted from default namespace
deployment.apps "gnb-layer-map" deleted from default namespace
service "gnb-layer-map" deleted from default namespace
deployment.apps "gnb-ldpc" deleted from default namespace
service "gnb-ldpc" deleted from default namespace
deployment.apps "gnb-modulation" deleted from default namespace
service "gnb-modulation" deleted from default namespace
deployment.apps "gnb-ofdm-mod" deleted from default namespace
service "gnb-ofdm-mod" deleted from default namespace
deployment.apps "gnb-precoding" deleted from default namespace
service "gnb-precoding" deleted from default namespace
deployment.apps "gnb-scramble" deleted from default namespace
service "gnb-scramble" deleted from default namespace
[2026-05-26 15:41:46] [INFO] Waiting 10m before next path
[2026-05-26 15:51:46] [INFO] Starting processing for: k8s-manifests/scenarios/SNR-vary/ue-deployments-30e-9-15khz-snr0-vDS-RMS.yaml
[2026-05-26 15:51:46] [INFO] Running command: kubectl apply -f /home/anderson/dev/oai_isolation/k8s-manifests/scenarios/SNR-vary/ue-deployments-30e-9-15khz-snr0-vDS-RMS.yaml
[2026-05-26 15:51:46] [SUCCESS] kubectl apply -f /home/anderson/dev/oai_isolation/k8s-manifests/scenarios/SNR-vary/ue-deployments-30e-9-15khz-snr0-vDS-RMS.yaml
[2026-05-26 15:51:46] [OUTPUT] deployment.apps/ue-ch-est created
service/ue-ch-est created
deployment.apps/ue-ch-mmse created
service/ue-ch-mmse created
deployment.apps/ue-check-crc created
service/ue-check-crc created
deployment.apps/ue-descrambling created
service/ue-descrambling created
deployment.apps/ue-layer-demap created
service/ue-layer-demap created
deployment.apps/ue-ldpc-dec created
service/ue-ldpc-dec created
deployment.apps/ue-ofdm-demod created
service/ue-ofdm-demod created
deployment.apps/ue-soft-demod created
service/ue-soft-demod created
[2026-05-26 15:51:46] [INFO] Waiting 4h before deleting: k8s-manifests/scenarios/SNR-vary/ue-deployments-30e-9-15khz-snr0-vDS-RMS.yaml
[2026-05-26 19:51:46] [INFO] Running command: kubectl delete -f /home/anderson/dev/oai_isolation/k8s-manifests/scenarios/SNR-vary/ue-deployments-30e-9-15khz-snr0-vDS-RMS.yaml
[2026-05-26 19:51:48] [SUCCESS] kubectl delete -f /home/anderson/dev/oai_isolation/k8s-manifests/scenarios/SNR-vary/ue-deployments-30e-9-15khz-snr0-vDS-RMS.yaml
[2026-05-26 19:51:48] [OUTPUT] deployment.apps "ue-ch-est" deleted from default namespace
service "ue-ch-est" deleted from default namespace
deployment.apps "ue-ch-mmse" deleted from default namespace
service "ue-ch-mmse" deleted from default namespace
deployment.apps "ue-check-crc" deleted from default namespace
service "ue-check-crc" deleted from default namespace
deployment.apps "ue-descrambling" deleted from default namespace
service "ue-descrambling" deleted from default namespace
deployment.apps "ue-layer-demap" deleted from default namespace
service "ue-layer-demap" deleted from default namespace
deployment.apps "ue-ldpc-dec" deleted from default namespace
service "ue-ldpc-dec" deleted from default namespace
deployment.apps "ue-ofdm-demod" deleted from default namespace
service "ue-ofdm-demod" deleted from default namespace
deployment.apps "ue-soft-demod" deleted from default namespace
service "ue-soft-demod" deleted from default namespace
[2026-05-26 19:51:48] [INFO] Waiting 10m before next path
[2026-05-26 20:01:48] [INFO] Starting processing for: k8s-manifests/scenarios/SNR-vary/gnb-deployments-30e-9-15khz-snr5-vDS-RMS.yaml
[2026-05-26 20:01:48] [INFO] Running command: kubectl apply -f /home/anderson/dev/oai_isolation/k8s-manifests/scenarios/SNR-vary/gnb-deployments-30e-9-15khz-snr5-vDS-RMS.yaml
[2026-05-26 20:01:48] [SUCCESS] kubectl apply -f /home/anderson/dev/oai_isolation/k8s-manifests/scenarios/SNR-vary/gnb-deployments-30e-9-15khz-snr5-vDS-RMS.yaml
[2026-05-26 20:01:48] [OUTPUT] deployment.apps/gnb-crc created
service/gnb-crc created
deployment.apps/gnb-layer-map created
service/gnb-layer-map created
deployment.apps/gnb-ldpc created
service/gnb-ldpc created
deployment.apps/gnb-modulation created
service/gnb-modulation created
deployment.apps/gnb-ofdm-mod created
service/gnb-ofdm-mod created
deployment.apps/gnb-precoding created
service/gnb-precoding created
deployment.apps/gnb-scramble created
service/gnb-scramble created
[2026-05-26 20:01:48] [INFO] Waiting 4h before deleting: k8s-manifests/scenarios/SNR-vary/gnb-deployments-30e-9-15khz-snr5-vDS-RMS.yaml
[2026-05-27 00:01:48] [INFO] Running command: kubectl delete -f /home/anderson/dev/oai_isolation/k8s-manifests/scenarios/SNR-vary/gnb-deployments-30e-9-15khz-snr5-vDS-RMS.yaml
[2026-05-27 00:01:49] [SUCCESS] kubectl delete -f /home/anderson/dev/oai_isolation/k8s-manifests/scenarios/SNR-vary/gnb-deployments-30e-9-15khz-snr5-vDS-RMS.yaml
[2026-05-27 00:01:49] [OUTPUT] deployment.apps "gnb-crc" deleted from default namespace
service "gnb-crc" deleted from default namespace
deployment.apps "gnb-layer-map" deleted from default namespace
service "gnb-layer-map" deleted from default namespace
deployment.apps "gnb-ldpc" deleted from default namespace
service "gnb-ldpc" deleted from default namespace
deployment.apps "gnb-modulation" deleted from default namespace
service "gnb-modulation" deleted from default namespace
deployment.apps "gnb-ofdm-mod" deleted from default namespace
service "gnb-ofdm-mod" deleted from default namespace
deployment.apps "gnb-precoding" deleted from default namespace
service "gnb-precoding" deleted from default namespace
deployment.apps "gnb-scramble" deleted from default namespace
service "gnb-scramble" deleted from default namespace
[2026-05-27 00:01:49] [INFO] Waiting 10m before next path
[2026-05-27 00:11:49] [INFO] Starting processing for: k8s-manifests/scenarios/SNR-vary/ue-deployments-30e-9-15khz-snr5-vDS-RMS.yaml
[2026-05-27 00:11:49] [INFO] Running command: kubectl apply -f /home/anderson/dev/oai_isolation/k8s-manifests/scenarios/SNR-vary/ue-deployments-30e-9-15khz-snr5-vDS-RMS.yaml
[2026-05-27 00:11:50] [SUCCESS] kubectl apply -f /home/anderson/dev/oai_isolation/k8s-manifests/scenarios/SNR-vary/ue-deployments-30e-9-15khz-snr5-vDS-RMS.yaml
[2026-05-27 00:11:50] [OUTPUT] deployment.apps/ue-ch-est created
service/ue-ch-est created
deployment.apps/ue-ch-mmse created
service/ue-ch-mmse created
deployment.apps/ue-check-crc created
service/ue-check-crc created
deployment.apps/ue-descrambling created
service/ue-descrambling created
deployment.apps/ue-layer-demap created
service/ue-layer-demap created
deployment.apps/ue-ldpc-dec created
service/ue-ldpc-dec created
deployment.apps/ue-ofdm-demod created
service/ue-ofdm-demod created
deployment.apps/ue-soft-demod created
service/ue-soft-demod created
[2026-05-27 00:11:50] [INFO] Waiting 4h before deleting: k8s-manifests/scenarios/SNR-vary/ue-deployments-30e-9-15khz-snr5-vDS-RMS.yaml
[2026-05-27 04:11:50] [INFO] Running command: kubectl delete -f /home/anderson/dev/oai_isolation/k8s-manifests/scenarios/SNR-vary/ue-deployments-30e-9-15khz-snr5-vDS-RMS.yaml
[2026-05-27 04:11:51] [SUCCESS] kubectl delete -f /home/anderson/dev/oai_isolation/k8s-manifests/scenarios/SNR-vary/ue-deployments-30e-9-15khz-snr5-vDS-RMS.yaml
[2026-05-27 04:11:51] [OUTPUT] deployment.apps "ue-ch-est" deleted from default namespace
service "ue-ch-est" deleted from default namespace
deployment.apps "ue-ch-mmse" deleted from default namespace
service "ue-ch-mmse" deleted from default namespace
deployment.apps "ue-check-crc" deleted from default namespace
service "ue-check-crc" deleted from default namespace
deployment.apps "ue-descrambling" deleted from default namespace
service "ue-descrambling" deleted from default namespace
deployment.apps "ue-layer-demap" deleted from default namespace
service "ue-layer-demap" deleted from default namespace
deployment.apps "ue-ldpc-dec" deleted from default namespace
service "ue-ldpc-dec" deleted from default namespace
deployment.apps "ue-ofdm-demod" deleted from default namespace
service "ue-ofdm-demod" deleted from default namespace
deployment.apps "ue-soft-demod" deleted from default namespace
service "ue-soft-demod" deleted from default namespace
[2026-05-27 04:11:51] [INFO] Waiting 10m before next path
[2026-05-27 04:21:51] [INFO] Starting processing for: k8s-manifests/scenarios/DS-vary/gnb-deployments-300e-9-15khz-snr0-vDS-RMS.yaml
[2026-05-27 04:21:51] [INFO] Running command: kubectl apply -f /home/anderson/dev/oai_isolation/k8s-manifests/scenarios/DS-vary/gnb-deployments-300e-9-15khz-snr0-vDS-RMS.yaml
[2026-05-27 04:21:52] [SUCCESS] kubectl apply -f /home/anderson/dev/oai_isolation/k8s-manifests/scenarios/DS-vary/gnb-deployments-300e-9-15khz-snr0-vDS-RMS.yaml
[2026-05-27 04:21:52] [OUTPUT] deployment.apps/gnb-crc created
service/gnb-crc created
deployment.apps/gnb-layer-map created
service/gnb-layer-map created
deployment.apps/gnb-ldpc created
service/gnb-ldpc created
deployment.apps/gnb-modulation created
service/gnb-modulation created
deployment.apps/gnb-ofdm-mod created
service/gnb-ofdm-mod created
deployment.apps/gnb-precoding created
service/gnb-precoding created
deployment.apps/gnb-scramble created
service/gnb-scramble created
[2026-05-27 04:21:52] [INFO] Waiting 4h before deleting: k8s-manifests/scenarios/DS-vary/gnb-deployments-300e-9-15khz-snr0-vDS-RMS.yaml
[2026-05-27 08:21:52] [INFO] Running command: kubectl delete -f /home/anderson/dev/oai_isolation/k8s-manifests/scenarios/DS-vary/gnb-deployments-300e-9-15khz-snr0-vDS-RMS.yaml
[2026-05-27 08:21:53] [SUCCESS] kubectl delete -f /home/anderson/dev/oai_isolation/k8s-manifests/scenarios/DS-vary/gnb-deployments-300e-9-15khz-snr0-vDS-RMS.yaml
[2026-05-27 08:21:53] [OUTPUT] deployment.apps "gnb-crc" deleted from default namespace
service "gnb-crc" deleted from default namespace
deployment.apps "gnb-layer-map" deleted from default namespace
service "gnb-layer-map" deleted from default namespace
deployment.apps "gnb-ldpc" deleted from default namespace
service "gnb-ldpc" deleted from default namespace
deployment.apps "gnb-modulation" deleted from default namespace
service "gnb-modulation" deleted from default namespace
deployment.apps "gnb-ofdm-mod" deleted from default namespace
service "gnb-ofdm-mod" deleted from default namespace
deployment.apps "gnb-precoding" deleted from default namespace
service "gnb-precoding" deleted from default namespace
deployment.apps "gnb-scramble" deleted from default namespace
service "gnb-scramble" deleted from default namespace
[2026-05-27 08:21:53] [INFO] Waiting 10m before next path
[2026-05-27 08:31:53] [INFO] Starting processing for: k8s-manifests/scenarios/DS-vary/ue-deployments-300e-9-15khz-snr0-vDS-RMS.yaml
[2026-05-27 08:31:53] [INFO] Running command: kubectl apply -f /home/anderson/dev/oai_isolation/k8s-manifests/scenarios/DS-vary/ue-deployments-300e-9-15khz-snr0-vDS-RMS.yaml
[2026-05-27 08:31:53] [SUCCESS] kubectl apply -f /home/anderson/dev/oai_isolation/k8s-manifests/scenarios/DS-vary/ue-deployments-300e-9-15khz-snr0-vDS-RMS.yaml
[2026-05-27 08:31:53] [OUTPUT] deployment.apps/ue-ch-est created
service/ue-ch-est created
deployment.apps/ue-ch-mmse created
service/ue-ch-mmse created
deployment.apps/ue-check-crc created
service/ue-check-crc created
deployment.apps/ue-descrambling created
service/ue-descrambling created
deployment.apps/ue-layer-demap created
service/ue-layer-demap created
deployment.apps/ue-ldpc-dec created
service/ue-ldpc-dec created
deployment.apps/ue-ofdm-demod created
service/ue-ofdm-demod created
deployment.apps/ue-soft-demod created
service/ue-soft-demod created
[2026-05-27 08:31:53] [INFO] Waiting 4h before deleting: k8s-manifests/scenarios/DS-vary/ue-deployments-300e-9-15khz-snr0-vDS-RMS.yaml
[2026-05-27 12:31:53] [INFO] Running command: kubectl delete -f /home/anderson/dev/oai_isolation/k8s-manifests/scenarios/DS-vary/ue-deployments-300e-9-15khz-snr0-vDS-RMS.yaml
[2026-05-27 12:31:55] [SUCCESS] kubectl delete -f /home/anderson/dev/oai_isolation/k8s-manifests/scenarios/DS-vary/ue-deployments-300e-9-15khz-snr0-vDS-RMS.yaml
[2026-05-27 12:31:55] [OUTPUT] deployment.apps "ue-ch-est" deleted from default namespace
service "ue-ch-est" deleted from default namespace
deployment.apps "ue-ch-mmse" deleted from default namespace
service "ue-ch-mmse" deleted from default namespace
deployment.apps "ue-check-crc" deleted from default namespace
service "ue-check-crc" deleted from default namespace
deployment.apps "ue-descrambling" deleted from default namespace
service "ue-descrambling" deleted from default namespace
deployment.apps "ue-layer-demap" deleted from default namespace
service "ue-layer-demap" deleted from default namespace
deployment.apps "ue-ldpc-dec" deleted from default namespace
service "ue-ldpc-dec" deleted from default namespace
deployment.apps "ue-ofdm-demod" deleted from default namespace
service "ue-ofdm-demod" deleted from default namespace
deployment.apps "ue-soft-demod" deleted from default namespace
service "ue-soft-demod" deleted from default namespace
[2026-05-27 12:31:55] [INFO] Waiting 10m before next path
[2026-05-27 12:41:55] [INFO] Starting processing for: k8s-manifests/scenarios/DS-vary/gnb-deployments-300e-9-15khz-snr5-vDS-RMS.yaml
[2026-05-27 12:41:55] [INFO] Running command: kubectl apply -f /home/anderson/dev/oai_isolation/k8s-manifests/scenarios/DS-vary/gnb-deployments-300e-9-15khz-snr5-vDS-RMS.yaml
[2026-05-27 12:41:55] [SUCCESS] kubectl apply -f /home/anderson/dev/oai_isolation/k8s-manifests/scenarios/DS-vary/gnb-deployments-300e-9-15khz-snr5-vDS-RMS.yaml
[2026-05-27 12:41:55] [OUTPUT] deployment.apps/gnb-crc created
service/gnb-crc created
deployment.apps/gnb-layer-map created
service/gnb-layer-map created
deployment.apps/gnb-ldpc created
service/gnb-ldpc created
deployment.apps/gnb-modulation created
service/gnb-modulation created
deployment.apps/gnb-ofdm-mod created
service/gnb-ofdm-mod created
deployment.apps/gnb-precoding created
service/gnb-precoding created
deployment.apps/gnb-scramble created
service/gnb-scramble created
[2026-05-27 12:41:55] [INFO] Waiting 4h before deleting: k8s-manifests/scenarios/DS-vary/gnb-deployments-300e-9-15khz-snr5-vDS-RMS.yaml
[2026-05-27 16:41:55] [INFO] Running command: kubectl delete -f /home/anderson/dev/oai_isolation/k8s-manifests/scenarios/DS-vary/gnb-deployments-300e-9-15khz-snr5-vDS-RMS.yaml
[2026-05-27 16:41:56] [SUCCESS] kubectl delete -f /home/anderson/dev/oai_isolation/k8s-manifests/scenarios/DS-vary/gnb-deployments-300e-9-15khz-snr5-vDS-RMS.yaml
[2026-05-27 16:41:56] [OUTPUT] deployment.apps "gnb-crc" deleted from default namespace
service "gnb-crc" deleted from default namespace
deployment.apps "gnb-layer-map" deleted from default namespace
service "gnb-layer-map" deleted from default namespace
deployment.apps "gnb-ldpc" deleted from default namespace
service "gnb-ldpc" deleted from default namespace
deployment.apps "gnb-modulation" deleted from default namespace
service "gnb-modulation" deleted from default namespace
deployment.apps "gnb-ofdm-mod" deleted from default namespace
service "gnb-ofdm-mod" deleted from default namespace
deployment.apps "gnb-precoding" deleted from default namespace
service "gnb-precoding" deleted from default namespace
deployment.apps "gnb-scramble" deleted from default namespace
service "gnb-scramble" deleted from default namespace
[2026-05-27 16:41:56] [INFO] Waiting 10m before next path
[2026-05-27 16:51:56] [INFO] Starting processing for: k8s-manifests/scenarios/DS-vary/ue-deployments-300e-9-15khz-snr5-vDS-RMS.yaml
[2026-05-27 16:51:56] [INFO] Running command: kubectl apply -f /home/anderson/dev/oai_isolation/k8s-manifests/scenarios/DS-vary/ue-deployments-300e-9-15khz-snr5-vDS-RMS.yaml
[2026-05-27 16:51:57] [SUCCESS] kubectl apply -f /home/anderson/dev/oai_isolation/k8s-manifests/scenarios/DS-vary/ue-deployments-300e-9-15khz-snr5-vDS-RMS.yaml
[2026-05-27 16:51:57] [OUTPUT] deployment.apps/ue-ch-est created
service/ue-ch-est created
deployment.apps/ue-ch-mmse created
service/ue-ch-mmse created
deployment.apps/ue-check-crc created
service/ue-check-crc created
deployment.apps/ue-descrambling created
service/ue-descrambling created
deployment.apps/ue-layer-demap created
service/ue-layer-demap created
deployment.apps/ue-ldpc-dec created
service/ue-ldpc-dec created
deployment.apps/ue-ofdm-demod created
service/ue-ofdm-demod created
deployment.apps/ue-soft-demod created
service/ue-soft-demod created
[2026-05-27 16:51:57] [INFO] Waiting 4h before deleting: k8s-manifests/scenarios/DS-vary/ue-deployments-300e-9-15khz-snr5-vDS-RMS.yaml
[2026-05-27 20:51:57] [INFO] Running command: kubectl delete -f /home/anderson/dev/oai_isolation/k8s-manifests/scenarios/DS-vary/ue-deployments-300e-9-15khz-snr5-vDS-RMS.yaml
[2026-05-27 20:51:58] [SUCCESS] kubectl delete -f /home/anderson/dev/oai_isolation/k8s-manifests/scenarios/DS-vary/ue-deployments-300e-9-15khz-snr5-vDS-RMS.yaml
[2026-05-27 20:51:58] [OUTPUT] deployment.apps "ue-ch-est" deleted from default namespace
service "ue-ch-est" deleted from default namespace
deployment.apps "ue-ch-mmse" deleted from default namespace
service "ue-ch-mmse" deleted from default namespace
deployment.apps "ue-check-crc" deleted from default namespace
service "ue-check-crc" deleted from default namespace
deployment.apps "ue-descrambling" deleted from default namespace
service "ue-descrambling" deleted from default namespace
deployment.apps "ue-layer-demap" deleted from default namespace
service "ue-layer-demap" deleted from default namespace
deployment.apps "ue-ldpc-dec" deleted from default namespace
service "ue-ldpc-dec" deleted from default namespace
deployment.apps "ue-ofdm-demod" deleted from default namespace
service "ue-ofdm-demod" deleted from default namespace
deployment.apps "ue-soft-demod" deleted from default namespace
service "ue-soft-demod" deleted from default namespace
[2026-05-27 20:51:58] [INFO] Waiting 10m before next path
[2026-05-27 21:01:58] [INFO] Starting processing for: k8s-manifests/scenarios/DS-vary/gnb-deployments-300e-9-15khz-snr10-vDS-RMS.yaml
[2026-05-27 21:01:58] [INFO] Running command: kubectl apply -f /home/anderson/dev/oai_isolation/k8s-manifests/scenarios/DS-vary/gnb-deployments-300e-9-15khz-snr10-vDS-RMS.yaml
[2026-05-27 21:01:59] [SUCCESS] kubectl apply -f /home/anderson/dev/oai_isolation/k8s-manifests/scenarios/DS-vary/gnb-deployments-300e-9-15khz-snr10-vDS-RMS.yaml
[2026-05-27 21:01:59] [OUTPUT] deployment.apps/gnb-crc created
service/gnb-crc created
deployment.apps/gnb-layer-map created
service/gnb-layer-map created
deployment.apps/gnb-ldpc created
service/gnb-ldpc created
deployment.apps/gnb-modulation created
service/gnb-modulation created
deployment.apps/gnb-ofdm-mod created
service/gnb-ofdm-mod created
deployment.apps/gnb-precoding created
service/gnb-precoding created
deployment.apps/gnb-scramble created
service/gnb-scramble created
[2026-05-27 21:01:59] [INFO] Waiting 4h before deleting: k8s-manifests/scenarios/DS-vary/gnb-deployments-300e-9-15khz-snr10-vDS-RMS.yaml
[2026-05-28 01:01:59] [INFO] Running command: kubectl delete -f /home/anderson/dev/oai_isolation/k8s-manifests/scenarios/DS-vary/gnb-deployments-300e-9-15khz-snr10-vDS-RMS.yaml
[2026-05-28 01:02:00] [SUCCESS] kubectl delete -f /home/anderson/dev/oai_isolation/k8s-manifests/scenarios/DS-vary/gnb-deployments-300e-9-15khz-snr10-vDS-RMS.yaml
[2026-05-28 01:02:00] [OUTPUT] deployment.apps "gnb-crc" deleted from default namespace
service "gnb-crc" deleted from default namespace
deployment.apps "gnb-layer-map" deleted from default namespace
service "gnb-layer-map" deleted from default namespace
deployment.apps "gnb-ldpc" deleted from default namespace
service "gnb-ldpc" deleted from default namespace
deployment.apps "gnb-modulation" deleted from default namespace
service "gnb-modulation" deleted from default namespace
deployment.apps "gnb-ofdm-mod" deleted from default namespace
service "gnb-ofdm-mod" deleted from default namespace
deployment.apps "gnb-precoding" deleted from default namespace
service "gnb-precoding" deleted from default namespace
deployment.apps "gnb-scramble" deleted from default namespace
service "gnb-scramble" deleted from default namespace
[2026-05-28 01:02:00] [INFO] Waiting 10m before next path
[2026-05-28 01:12:00] [INFO] Starting processing for: k8s-manifests/scenarios/DS-vary/ue-deployments-300e-9-15khz-snr10-vDS-RMS.yaml
[2026-05-28 01:12:00] [INFO] Running command: kubectl apply -f /home/anderson/dev/oai_isolation/k8s-manifests/scenarios/DS-vary/ue-deployments-300e-9-15khz-snr10-vDS-RMS.yaml
[2026-05-28 01:12:00] [SUCCESS] kubectl apply -f /home/anderson/dev/oai_isolation/k8s-manifests/scenarios/DS-vary/ue-deployments-300e-9-15khz-snr10-vDS-RMS.yaml
[2026-05-28 01:12:00] [OUTPUT] deployment.apps/ue-ch-est created
service/ue-ch-est created
deployment.apps/ue-ch-mmse created
service/ue-ch-mmse created
deployment.apps/ue-check-crc created
service/ue-check-crc created
deployment.apps/ue-descrambling created
service/ue-descrambling created
deployment.apps/ue-layer-demap created
service/ue-layer-demap created
deployment.apps/ue-ldpc-dec created
service/ue-ldpc-dec created
deployment.apps/ue-ofdm-demod created
service/ue-ofdm-demod created
deployment.apps/ue-soft-demod created
service/ue-soft-demod created
[2026-05-28 01:12:00] [INFO] Waiting 4h before deleting: k8s-manifests/scenarios/DS-vary/ue-deployments-300e-9-15khz-snr10-vDS-RMS.yaml
[2026-05-28 05:12:00] [INFO] Running command: kubectl delete -f /home/anderson/dev/oai_isolation/k8s-manifests/scenarios/DS-vary/ue-deployments-300e-9-15khz-snr10-vDS-RMS.yaml
[2026-05-28 05:12:02] [SUCCESS] kubectl delete -f /home/anderson/dev/oai_isolation/k8s-manifests/scenarios/DS-vary/ue-deployments-300e-9-15khz-snr10-vDS-RMS.yaml
[2026-05-28 05:12:02] [OUTPUT] deployment.apps "ue-ch-est" deleted from default namespace
service "ue-ch-est" deleted from default namespace
deployment.apps "ue-ch-mmse" deleted from default namespace
service "ue-ch-mmse" deleted from default namespace
deployment.apps "ue-check-crc" deleted from default namespace
service "ue-check-crc" deleted from default namespace
deployment.apps "ue-descrambling" deleted from default namespace
service "ue-descrambling" deleted from default namespace
deployment.apps "ue-layer-demap" deleted from default namespace
service "ue-layer-demap" deleted from default namespace
deployment.apps "ue-ldpc-dec" deleted from default namespace
service "ue-ldpc-dec" deleted from default namespace
deployment.apps "ue-ofdm-demod" deleted from default namespace
service "ue-ofdm-demod" deleted from default namespace
deployment.apps "ue-soft-demod" deleted from default namespace
service "ue-soft-demod" deleted from default namespace
[2026-05-28 05:12:02] [INFO] Waiting 10m before next path
[2026-05-28 05:22:02] [INFO] ========== SCRIPT FINISHED ==========
